I'm sorry, but errors were detected in your script. Please correct the
errors listed below, and try again.


File "game/ruta1esc.rpy", line 8: expected 'image_name_component' not found.
    hide
        ^

Ren'Py Version: Ren'Py 6.99.14.3.3347
Sat Aug 04 14:23:24 2018
